// Jest Snapshot v1, https://goo.gl/fbAQLP

exports[`CartDetail should match snapshot 1`] = `
<div>
  <div
    class="container flex w-full max-w-full flex-col items-center gap-[40px] py-8 lg:flex-row lg:items-start lg:py-12 xl:py-16"
  >
    <div
      class="card-list mx-auto grid w-fit grid-cols-2 gap-x-[20px] gap-y-[30px] 2xl:grid-cols-3"
    />
    <div
      class="w-[305px]"
    />
  </div>
</div>
`;
