// Jest Snapshot v1, https://goo.gl/fbAQLP

exports[`MediaPreview should match snapshot 1`] = `
<div>
  <div
    class="flex h-full flex-col items-center gap-4 lg:gap-[37px]"
  >
    <div
      class="flex h-[375px] w-full justify-center overflow-hidden rounded-[17px] sm:h-[450px] md:h-[525px] lg:h-auto lg:max-w-[498px] xl:max-w-[587px]"
    >
      <img
        alt="default4"
        class="h-[375px] rounded-[17px] sm:h-[450px] md:h-[525px] lg:h-[600px] xl:h-[691px]"
        data-nimg="1"
        decoding="async"
        fetchpriority="high"
        height="691"
        src="http://localhost/_next/image?url=https%3A%2F%2Fe-commerce-api-2t2h.onrender.com%2Fimages%2Fimage-not-available.webp&w=1200&q=75"
        srcset="/_next/image?url=https%3A%2F%2Fe-commerce-api-2t2h.onrender.com%2Fimages%2Fimage-not-available.webp&w=640&q=75 1x, /_next/image?url=https%3A%2F%2Fe-commerce-api-2t2h.onrender.com%2Fimages%2Fimage-not-available.webp&w=1200&q=75 2x"
        style="color: transparent; object-fit: cover;"
        width="587"
      />
    </div>
    <div
      class="flex items-center gap-4 sm:hidden lg:gap-2.5"
    >
      <button
        aria-label="Button Icon"
        class="z-0 group relative inline-flex items-center justify-center box-border appearance-none select-none whitespace-nowrap subpixel-antialiased overflow-hidden tap-highlight-transparent data-[pressed=true]:scale-[0.97] outline-none data-[focus-visible=true]:z-10 data-[focus-visible=true]:outline-2 data-[focus-visible=true]:outline-focus data-[focus-visible=true]:outline-offset-2 text-small [&>svg]:max-w-[theme(spacing.8)] transition-transform-colors-opacity motion-reduce:transition-none data-[hover=true]:opacity-hover gap-2.5 font-semibold bg-background-100 border-none rounded-[100%] sm:min-w-[46px] sm:min-h-[46px] sm:p-[11px] p-0 min-w-6 min-h-6 w-6 h-6 text-default"
        data-testid="btn-arrow-mobile-left"
        type="button"
      >
        <svg
          class="w-full h-full"
          fill="none"
          viewBox="0 0 24 24"
          xmlns="http://www.w3.org/2000/svg"
        >
          <path
            d="M15.75 4.5L8.25 12L15.75 19.5"
            stroke="currentColor"
            stroke-linecap="round"
            stroke-linejoin="round"
            stroke-width="1.5"
          />
        </svg>
        <span
          class="nextui-ripple"
          style="position: absolute; background-color: currentColor; border-radius: 100%; transform-origin: center; pointer-events: none; overflow: hidden; inset: 0; z-index: 0; top: 0px; left: 0px; width: 0px; height: 0px; transform: scale(0); opacity: 0.35; will-change: transform,opacity;"
        />
      </button>
      <button
        aria-label="Button Icon"
        class="z-0 group relative inline-flex items-center justify-center box-border appearance-none select-none whitespace-nowrap subpixel-antialiased overflow-hidden tap-highlight-transparent data-[pressed=true]:scale-[0.97] outline-none data-[focus-visible=true]:z-10 data-[focus-visible=true]:outline-2 data-[focus-visible=true]:outline-focus data-[focus-visible=true]:outline-offset-2 text-small [&>svg]:max-w-[theme(spacing.8)] transition-transform-colors-opacity motion-reduce:transition-none data-[hover=true]:opacity-hover gap-2.5 font-semibold bg-background-100 border-none rounded-[100%] sm:min-w-[46px] sm:min-h-[46px] sm:p-[11px] p-0 min-w-6 min-h-6 w-6 h-6 text-default"
        data-focus="true"
        data-focus-visible="true"
        data-testid="btn-arrow-mobile-right"
        type="button"
      >
        <svg
          class="w-full h-full"
          fill="none"
          viewBox="0 0 24 24"
          xmlns="http://www.w3.org/2000/svg"
        >
          <path
            d="M8.25 4.5L15.75 12L8.25 19.5"
            stroke="currentColor"
            stroke-linecap="round"
            stroke-linejoin="round"
            stroke-width="1.5"
          />
        </svg>
        <span
          class="nextui-ripple"
          style="position: absolute; background-color: currentColor; border-radius: 100%; transform-origin: center; pointer-events: none; overflow: hidden; inset: 0; z-index: 0; top: 0px; left: 0px; width: 0px; height: 0px; transform: scale(0); opacity: 0.35; will-change: transform,opacity;"
        />
      </button>
    </div>
    <div
      class="hidden items-center sm:flex lg:gap-2.5"
    >
      <button
        aria-label="Button Icon"
        class="z-0 group relative inline-flex items-center justify-center box-border appearance-none select-none whitespace-nowrap subpixel-antialiased overflow-hidden tap-highlight-transparent data-[pressed=true]:scale-[0.97] outline-none data-[focus-visible=true]:z-10 data-[focus-visible=true]:outline-2 data-[focus-visible=true]:outline-focus data-[focus-visible=true]:outline-offset-2 text-small [&>svg]:max-w-[theme(spacing.8)] transition-transform-colors-opacity motion-reduce:transition-none data-[hover=true]:opacity-hover gap-2.5 font-semibold bg-background-100 border-none rounded-[100%] sm:min-w-[46px] sm:min-h-[46px] sm:p-[11px] p-0 min-w-6 min-h-6 w-6 h-6 text-default xl:block lg:hidden"
        data-testid="btn-arrow-left"
        type="button"
      >
        <svg
          class="w-full h-full"
          fill="none"
          viewBox="0 0 24 24"
          xmlns="http://www.w3.org/2000/svg"
        >
          <path
            d="M15.75 4.5L8.25 12L15.75 19.5"
            stroke="currentColor"
            stroke-linecap="round"
            stroke-linejoin="round"
            stroke-width="1.5"
          />
        </svg>
        <span
          class="nextui-ripple"
          style="position: absolute; background-color: currentColor; border-radius: 100%; transform-origin: center; pointer-events: none; overflow: hidden; inset: 0; z-index: 0; top: 0px; left: 0px; width: 0px; height: 0px; transform: scale(0); opacity: 0.35; will-change: transform,opacity;"
        />
      </button>
      <div
        class="sm:flex sm:gap-3 xl:gap-5"
      >
        <button
          class="relative flex items-center justify-center rounded-[14px] sm:h-[106px] sm:w-[106px] xl:h-[115px] xl:w-[115px]"
          data-testid="thumbnail-item-0"
        >
          <img
            alt="default1"
            class="h-full w-full rounded-[14px] p-[3px]"
            data-nimg="1"
            decoding="async"
            height="115"
            loading="lazy"
            src="http://localhost/_next/image?url=https%3A%2F%2Fe-commerce-api-2t2h.onrender.com%2Fimages%2Fimage-not-available.webp&w=256&q=75"
            srcset="/_next/image?url=https%3A%2F%2Fe-commerce-api-2t2h.onrender.com%2Fimages%2Fimage-not-available.webp&w=128&q=75 1x, /_next/image?url=https%3A%2F%2Fe-commerce-api-2t2h.onrender.com%2Fimages%2Fimage-not-available.webp&w=256&q=75 2x"
            style="color: transparent; object-fit: cover;"
            width="115"
          />
        </button>
        <button
          class="relative flex items-center justify-center rounded-[14px] sm:h-[106px] sm:w-[106px] xl:h-[115px] xl:w-[115px]"
          data-testid="thumbnail-item-1"
        >
          <img
            alt="default2"
            class="h-full w-full rounded-[14px] p-[3px]"
            data-nimg="1"
            decoding="async"
            height="115"
            loading="lazy"
            src="http://localhost/_next/image?url=https%3A%2F%2Fe-commerce-api-2t2h.onrender.com%2Fimages%2Fimage-not-available.webp&w=256&q=75"
            srcset="/_next/image?url=https%3A%2F%2Fe-commerce-api-2t2h.onrender.com%2Fimages%2Fimage-not-available.webp&w=128&q=75 1x, /_next/image?url=https%3A%2F%2Fe-commerce-api-2t2h.onrender.com%2Fimages%2Fimage-not-available.webp&w=256&q=75 2x"
            style="color: transparent; object-fit: cover;"
            width="115"
          />
        </button>
        <button
          class="relative flex items-center justify-center rounded-[14px] sm:h-[106px] sm:w-[106px] xl:h-[115px] xl:w-[115px]"
          data-testid="thumbnail-item-2"
        >
          <img
            alt="default3"
            class="h-full w-full rounded-[14px] p-[3px]"
            data-nimg="1"
            decoding="async"
            height="115"
            loading="lazy"
            src="http://localhost/_next/image?url=https%3A%2F%2Fe-commerce-api-2t2h.onrender.com%2Fimages%2Fimage-not-available.webp&w=256&q=75"
            srcset="/_next/image?url=https%3A%2F%2Fe-commerce-api-2t2h.onrender.com%2Fimages%2Fimage-not-available.webp&w=128&q=75 1x, /_next/image?url=https%3A%2F%2Fe-commerce-api-2t2h.onrender.com%2Fimages%2Fimage-not-available.webp&w=256&q=75 2x"
            style="color: transparent; object-fit: cover;"
            width="115"
          />
        </button>
        <button
          class="relative flex items-center justify-center rounded-[14px] sm:h-[106px] sm:w-[106px] xl:h-[115px] xl:w-[115px] bg-linear-blue dark:bg-linear-white"
          data-testid="thumbnail-item-3"
        >
          <img
            alt="default4"
            class="h-full w-full rounded-[14px] p-[3px]"
            data-nimg="1"
            decoding="async"
            height="115"
            loading="lazy"
            src="http://localhost/_next/image?url=https%3A%2F%2Fe-commerce-api-2t2h.onrender.com%2Fimages%2Fimage-not-available.webp&w=256&q=75"
            srcset="/_next/image?url=https%3A%2F%2Fe-commerce-api-2t2h.onrender.com%2Fimages%2Fimage-not-available.webp&w=128&q=75 1x, /_next/image?url=https%3A%2F%2Fe-commerce-api-2t2h.onrender.com%2Fimages%2Fimage-not-available.webp&w=256&q=75 2x"
            style="color: transparent; object-fit: cover;"
            width="115"
          />
        </button>
      </div>
      <button
        aria-label="Button Icon"
        class="z-0 group relative inline-flex items-center justify-center box-border appearance-none select-none whitespace-nowrap subpixel-antialiased overflow-hidden tap-highlight-transparent data-[pressed=true]:scale-[0.97] outline-none data-[focus-visible=true]:z-10 data-[focus-visible=true]:outline-2 data-[focus-visible=true]:outline-focus data-[focus-visible=true]:outline-offset-2 text-small [&>svg]:max-w-[theme(spacing.8)] transition-transform-colors-opacity motion-reduce:transition-none data-[hover=true]:opacity-hover gap-2.5 font-semibold bg-background-100 border-none rounded-[100%] sm:min-w-[46px] sm:min-h-[46px] sm:p-[11px] p-0 min-w-6 min-h-6 w-6 h-6 text-default xl:block lg:hidden"
        data-testid="btn-arrow-right"
        type="button"
      >
        <svg
          class="w-full h-full"
          fill="none"
          viewBox="0 0 24 24"
          xmlns="http://www.w3.org/2000/svg"
        >
          <path
            d="M8.25 4.5L15.75 12L8.25 19.5"
            stroke="currentColor"
            stroke-linecap="round"
            stroke-linejoin="round"
            stroke-width="1.5"
          />
        </svg>
        <span
          class="nextui-ripple"
          style="position: absolute; background-color: currentColor; border-radius: 100%; transform-origin: center; pointer-events: none; overflow: hidden; inset: 0; z-index: 0; top: 0px; left: 0px; width: 0px; height: 0px; transform: scale(0); opacity: 0.35; will-change: transform,opacity;"
        />
      </button>
    </div>
  </div>
</div>
`;
