// Jest Snapshot v1, https://goo.gl/fbAQLP

exports[`Breadcrumb Renders match snapshot 1`] = `
<div>
  <div>
    <nav
      aria-label="Breadcrumbs"
      class="bg-background-300 w-fit rounded-medium"
      data-slot="base"
    >
      <ol
        class="flex flex-wrap list-none rounded-small bg-default-100 max-w-fit px-2.5 py-1.5 gap-3.5"
        data-slot="list"
      >
        <li
          class="flex items-center gap-3.5"
          data-slot="base"
          href="/"
        >
          <a
            class="flex gap-1 items-center cursor-pointer whitespace-nowrap line-clamp-1 tap-highlight-transparent outline-none data-[focus-visible=true]:z-10 data-[focus-visible=true]:outline-2 data-[focus-visible=true]:outline-focus data-[focus-visible=true]:outline-offset-2 text-small active:opacity-disabled transition-opacity no-underline text-secondary-500 hover:text-primary-300 hover:opacity-1 data-[current=true]:text-primary-300 data-[current=true]:font-semibold"
            data-slot="item"
            href="/"
          >
            Dashboard
          </a>
          <span
            aria-hidden="true"
            class="px-1 text-secondary-500"
            data-slot="separator"
          >
            <svg
              aria-hidden="true"
              fill="none"
              focusable="false"
              height="1em"
              role="presentation"
              stroke="currentColor"
              stroke-linecap="round"
              stroke-linejoin="round"
              stroke-width="1.5"
              viewBox="0 0 24 24"
              width="1em"
            >
              <path
                d="m9 18 6-6-6-6"
              />
            </svg>
          </span>
        </li>
        <li
          class="flex items-center gap-3.5"
          data-slot="base"
          href="products"
        >
          <a
            class="flex gap-1 items-center cursor-pointer whitespace-nowrap line-clamp-1 tap-highlight-transparent outline-none data-[focus-visible=true]:z-10 data-[focus-visible=true]:outline-2 data-[focus-visible=true]:outline-focus data-[focus-visible=true]:outline-offset-2 text-small active:opacity-disabled transition-opacity no-underline text-secondary-500 hover:text-primary-300 hover:opacity-1 data-[current=true]:text-primary-300 data-[current=true]:font-semibold"
            data-slot="item"
            href="products"
          >
            Products
          </a>
          <span
            aria-hidden="true"
            class="px-1 text-secondary-500"
            data-slot="separator"
          >
            <svg
              aria-hidden="true"
              fill="none"
              focusable="false"
              height="1em"
              role="presentation"
              stroke="currentColor"
              stroke-linecap="round"
              stroke-linejoin="round"
              stroke-width="1.5"
              viewBox="0 0 24 24"
              width="1em"
            >
              <path
                d="m9 18 6-6-6-6"
              />
            </svg>
          </span>
        </li>
        <li
          class="flex items-center gap-3.5"
          data-slot="base"
          href="7"
        >
          <span
            aria-current="page"
            aria-disabled="true"
            class="flex gap-1 items-center whitespace-nowrap line-clamp-1 tap-highlight-transparent outline-none data-[focus-visible=true]:z-10 data-[focus-visible=true]:outline-2 data-[focus-visible=true]:outline-focus data-[focus-visible=true]:outline-offset-2 text-small no-underline cursor-default transition-opacity text-secondary-500 hover:text-primary-300 hover:opacity-1 data-[current=true]:text-primary-300 data-[current=true]:font-semibold"
            data-current="true"
            data-slot="item"
            href="7"
            role="link"
          >
            Detail Product
          </span>
        </li>
      </ol>
    </nav>
  </div>
</div>
`;
